2026-08-18 15:44:11,632 | ERROR | LOOP ERROR | ('Connection aborted.', ConnectionResetError(10054, 'An existing connection was forcibly closed by the remote host', None, 10054, None))
Traceback (most recent call last):
  File "C:\Users\martin.dybal\AppData\Local\Python\pythoncore-3.14-64\Lib\site-packages\urllib3\connectionpool.py", line 788, in urlopen
    response = self._make_request(
        conn,
    ...<10 lines>...
        **response_kw,
    )
  File "C:\Users\martin.dybal\AppData\Local\Python\pythoncore-3.14-64\Lib\site-packages\urllib3\connectionpool.py", line 534, in _make_request
    response = conn.getresponse()
  File "C:\Users\martin.dybal\AppData\Local\Python\pythoncore-3.14-64\Lib\site-packages\urllib3\connection.py", line 571, in getresponse
    httplib_response = super().getresponse()
  File "C:\Users\martin.dybal\AppData\Local\Python\pythoncore-3.14-64\Lib\http\client.py", line 1459, in getresponse
    response.begin()
    ~~~~~~~~~~~~~~^^
  File "C:\Users\martin.dybal\AppData\Local\Python\pythoncore-3.14-64\Lib\http\client.py", line 336, in begin
    version, status, reason = self._read_status()
                              ~~~~~~~~~~~~~~~~~^^
  File "C:\Users\martin.dybal\AppData\Local\Python\pythoncore-3.14-64\Lib\http\client.py", line 297, in _read_status
    line = str(self.fp.readline(_MAXLINE + 1), "iso-8859-1")
               ~~~~~~~~~~~~~~~~^^^^^^^^^^^^^^
  File "C:\Users\martin.dybal\AppData\Local\Python\pythoncore-3.14-64\Lib\socket.py", line 729, in readinto
    return self._sock.recv_into(b)
           ~~~~~~~~~~~~~~~~~~~~^^^
  File "C:\Users\martin.dybal\AppData\Local\Python\pythoncore-3.14-64\Lib\ssl.py", line 1304, in recv_into
    return self.read(nbytes, buffer)
           ~~~~~~~~~^^^^^^^^^^^^^^^^
  File "C:\Users\martin.dybal\AppData\Local\Python\pythoncore-3.14-64\Lib\ssl.py", line 1138, in read
    return self._sslobj.read(len, buffer)
           ~~~~~~~~~~~~~~~~~^^^^^^^^^^^^^
ConnectionResetError: [WinError 10054] An existing connection was forcibly closed by the remote host

During handling of the above exception, another exception occurred:

Traceback (most recent call last):
  File "C:\Users\martin.dybal\AppData\Local\Python\pythoncore-3.14-64\Lib\site-packages\requests\adapters.py", line 696, in send
    resp = conn.urlopen(
        method=request.method,
    ...<9 lines>...
        chunked=chunked,
    )
  File "C:\Users\martin.dybal\AppData\Local\Python\pythoncore-3.14-64\Lib\site-packages\urllib3\connectionpool.py", line 842, in urlopen
    retries = retries.increment(
        method, url, error=new_e, _pool=self, _stacktrace=sys.exc_info()[2]
    )
  File "C:\Users\martin.dybal\AppData\Local\Python\pythoncore-3.14-64\Lib\site-packages\urllib3\util\retry.py", line 498, in increment
    raise reraise(type(error), error, _stacktrace)
          ~~~~~~~^^^^^^^^^^^^^^^^^^^^^^^^^^^^^^^^^
  File "C:\Users\martin.dybal\AppData\Local\Python\pythoncore-3.14-64\Lib\site-packages\urllib3\util\util.py", line 38, in reraise
    raise value.with_traceback(tb)
  File "C:\Users\martin.dybal\AppData\Local\Python\pythoncore-3.14-64\Lib\site-packages\urllib3\connectionpool.py", line 788, in urlopen
    response = self._make_request(
        conn,
    ...<10 lines>...
        **response_kw,
    )
  File "C:\Users\martin.dybal\AppData\Local\Python\pythoncore-3.14-64\Lib\site-packages\urllib3\connectionpool.py", line 534, in _make_request
    response = conn.getresponse()
  File "C:\Users\martin.dybal\AppData\Local\Python\pythoncore-3.14-64\Lib\site-packages\urllib3\connection.py", line 571, in getresponse
    httplib_response = super().getresponse()
  File "C:\Users\martin.dybal\AppData\Local\Python\pythoncore-3.14-64\Lib\http\client.py", line 1459, in getresponse
    response.begin()
    ~~~~~~~~~~~~~~^^
  File "C:\Users\martin.dybal\AppData\Local\Python\pythoncore-3.14-64\Lib\http\client.py", line 336, in begin
    version, status, reason = self._read_status()
                              ~~~~~~~~~~~~~~~~~^^
  File "C:\Users\martin.dybal\AppData\Local\Python\pythoncore-3.14-64\Lib\http\client.py", line 297, in _read_status
    line = str(self.fp.readline(_MAXLINE + 1), "iso-8859-1")
               ~~~~~~~~~~~~~~~~^^^^^^^^^^^^^^
  File "C:\Users\martin.dybal\AppData\Local\Python\pythoncore-3.14-64\Lib\socket.py", line 729, in readinto
    return self._sock.recv_into(b)
           ~~~~~~~~~~~~~~~~~~~~^^^
  File "C:\Users\martin.dybal\AppData\Local\Python\pythoncore-3.14-64\Lib\ssl.py", line 1304, in recv_into
    return self.read(nbytes, buffer)
           ~~~~~~~~~^^^^^^^^^^^^^^^^
  File "C:\Users\martin.dybal\AppData\Local\Python\pythoncore-3.14-64\Lib\ssl.py", line 1138, in read
    return self._sslobj.read(len, buffer)
           ~~~~~~~~~~~~~~~~~^^^^^^^^^^^^^
urllib3.exceptions.ProtocolError: ('Connection aborted.', ConnectionResetError(10054, 'An existing connection was forcibly closed by the remote host', None, 10054, None))

During handling of the above exception, another exception occurred:

Traceback (most recent call last):
  File "C:\Users\martin.dybal\OneDrive\Dokumenty\tng tč\tng-controller\tng_controller.py", line 383, in main
    s=t.read_state()
  File "C:\Users\martin.dybal\OneDrive\Dokumenty\tng tč\tng-controller\tng_controller.py", line 124, in read_state
    r=self.s.get(self.url("thermostat_page"), headers=headers, timeout=self.cfg["runtime"]["request_timeout_seconds"])
  File "C:\Users\martin.dybal\AppData\Local\Python\pythoncore-3.14-64\Lib\site-packages\requests\sessions.py", line 671, in get
    return self.request("GET", url, params=params, **kwargs)
           ~~~~~~~~~~~~^^^^^^^^^^^^^^^^^^^^^^^^^^^^^^^^^^^^^
  File "C:\Users\martin.dybal\AppData\Local\Python\pythoncore-3.14-64\Lib\site-packages\requests\sessions.py", line 651, in request
    resp = self.send(prep, **send_kwargs)
  File "C:\Users\martin.dybal\AppData\Local\Python\pythoncore-3.14-64\Lib\site-packages\requests\sessions.py", line 784, in send
    r = adapter.send(request, **kwargs)
  File "C:\Users\martin.dybal\AppData\Local\Python\pythoncore-3.14-64\Lib\site-packages\requests\adapters.py", line 711, in send
    raise ConnectionError(err, request=request)
requests.exceptions.ConnectionError: ('Connection aborted.', ConnectionResetError(10054, 'An existing connection was forcibly closed by the remote host', None, 10054, None))
2026-08-18 16:12:14,555 | ERROR | LOOP ERROR | HTTPSConnectionPool(host='tngsmart.cz', port=443): Read timed out. (read timeout=30)
Traceback (most recent call last):
  File "C:\Users\martin.dybal\AppData\Local\Python\pythoncore-3.14-64\Lib\site-packages\urllib3\connectionpool.py", line 534, in _make_request
    response = conn.getresponse()
  File "C:\Users\martin.dybal\AppData\Local\Python\pythoncore-3.14-64\Lib\site-packages\urllib3\connection.py", line 571, in getresponse
    httplib_response = super().getresponse()
  File "C:\Users\martin.dybal\AppData\Local\Python\pythoncore-3.14-64\Lib\http\client.py", line 1459, in getresponse
    response.begin()
    ~~~~~~~~~~~~~~^^
  File "C:\Users\martin.dybal\AppData\Local\Python\pythoncore-3.14-64\Lib\http\client.py", line 336, in begin
    version, status, reason = self._read_status()
                              ~~~~~~~~~~~~~~~~~^^
  File "C:\Users\martin.dybal\AppData\Local\Python\pythoncore-3.14-64\Lib\http\client.py", line 297, in _read_status
    line = str(self.fp.readline(_MAXLINE + 1), "iso-8859-1")
               ~~~~~~~~~~~~~~~~^^^^^^^^^^^^^^
  File "C:\Users\martin.dybal\AppData\Local\Python\pythoncore-3.14-64\Lib\socket.py", line 729, in readinto
    return self._sock.recv_into(b)
           ~~~~~~~~~~~~~~~~~~~~^^^
  File "C:\Users\martin.dybal\AppData\Local\Python\pythoncore-3.14-64\Lib\ssl.py", line 1304, in recv_into
    return self.read(nbytes, buffer)
           ~~~~~~~~~^^^^^^^^^^^^^^^^
  File "C:\Users\martin.dybal\AppData\Local\Python\pythoncore-3.14-64\Lib\ssl.py", line 1138, in read
    return self._sslobj.read(len, buffer)
           ~~~~~~~~~~~~~~~~~^^^^^^^^^^^^^
TimeoutError: The read operation timed out

The above exception was the direct cause of the following exception:

Traceback (most recent call last):
  File "C:\Users\martin.dybal\AppData\Local\Python\pythoncore-3.14-64\Lib\site-packages\requests\adapters.py", line 696, in send
    resp = conn.urlopen(
        method=request.method,
    ...<9 lines>...
        chunked=chunked,
    )
  File "C:\Users\martin.dybal\AppData\Local\Python\pythoncore-3.14-64\Lib\site-packages\urllib3\connectionpool.py", line 842, in urlopen
    retries = retries.increment(
        method, url, error=new_e, _pool=self, _stacktrace=sys.exc_info()[2]
    )
  File "C:\Users\martin.dybal\AppData\Local\Python\pythoncore-3.14-64\Lib\site-packages\urllib3\util\retry.py", line 498, in increment
    raise reraise(type(error), error, _stacktrace)
          ~~~~~~~^^^^^^^^^^^^^^^^^^^^^^^^^^^^^^^^^
  File "C:\Users\martin.dybal\AppData\Local\Python\pythoncore-3.14-64\Lib\site-packages\urllib3\util\util.py", line 39, in reraise
    raise value
  File "C:\Users\martin.dybal\AppData\Local\Python\pythoncore-3.14-64\Lib\site-packages\urllib3\connectionpool.py", line 788, in urlopen
    response = self._make_request(
        conn,
    ...<10 lines>...
        **response_kw,
    )
  File "C:\Users\martin.dybal\AppData\Local\Python\pythoncore-3.14-64\Lib\site-packages\urllib3\connectionpool.py", line 536, in _make_request
    self._raise_timeout(err=e, url=url, timeout_value=read_timeout)
    ~~~~~~~~~~~~~~~~~~~^^^^^^^^^^^^^^^^^^^^^^^^^^^^^^^^^^^^^^^^^^^^
  File "C:\Users\martin.dybal\AppData\Local\Python\pythoncore-3.14-64\Lib\site-packages\urllib3\connectionpool.py", line 367, in _raise_timeout
    raise ReadTimeoutError(
        self, url, f"Read timed out. (read timeout={timeout_value})"
    ) from err
urllib3.exceptions.ReadTimeoutError: HTTPSConnectionPool(host='tngsmart.cz', port=443): Read timed out. (read timeout=30)

During handling of the above exception, another exception occurred:

Traceback (most recent call last):
  File "C:\Users\martin.dybal\OneDrive\Dokumenty\tng tč\tng-controller\tng_controller.py", line 453, in main
    s=t.read_state()
  File "C:\Users\martin.dybal\OneDrive\Dokumenty\tng tč\tng-controller\tng_controller.py", line 160, in read_state
    ir=self.s.get(installations_url,headers=ih,timeout=self.cfg["runtime"]["request_timeout_seconds"])
  File "C:\Users\martin.dybal\AppData\Local\Python\pythoncore-3.14-64\Lib\site-packages\requests\sessions.py", line 671, in get
    return self.request("GET", url, params=params, **kwargs)
           ~~~~~~~~~~~~^^^^^^^^^^^^^^^^^^^^^^^^^^^^^^^^^^^^^
  File "C:\Users\martin.dybal\AppData\Local\Python\pythoncore-3.14-64\Lib\site-packages\requests\sessions.py", line 651, in request
    resp = self.send(prep, **send_kwargs)
  File "C:\Users\martin.dybal\AppData\Local\Python\pythoncore-3.14-64\Lib\site-packages\requests\sessions.py", line 784, in send
    r = adapter.send(request, **kwargs)
  File "C:\Users\martin.dybal\AppData\Local\Python\pythoncore-3.14-64\Lib\site-packages\requests\adapters.py", line 742, in send
    raise ReadTimeout(e, request=request)
requests.exceptions.ReadTimeout: HTTPSConnectionPool(host='tngsmart.cz', port=443): Read timed out. (read timeout=30)
2026-08-18 17:32:55,598 | ERROR | LOOP ERROR | HTTPSConnectionPool(host='tngsmart.cz', port=443): Max retries exceeded with url: /Pages/Account/MyThermostat?ThermostatId=1962 (Caused by NameResolutionError("HTTPSConnection(host='tngsmart.cz', port=443): Failed to resolve 'tngsmart.cz' ([Errno 11001] getaddrinfo failed)"))
Traceback (most recent call last):
  File "C:\Users\martin.dybal\AppData\Local\Python\pythoncore-3.14-64\Lib\site-packages\urllib3\connection.py", line 204, in _new_conn
    sock = connection.create_connection(
        (self._dns_host, self.port),
    ...<2 lines>...
        socket_options=self.socket_options,
    )
  File "C:\Users\martin.dybal\AppData\Local\Python\pythoncore-3.14-64\Lib\site-packages\urllib3\util\connection.py", line 60, in create_connection
    for res in socket.getaddrinfo(host, port, family, socket.SOCK_STREAM):
               ~~~~~~~~~~~~~~~~~~^^^^^^^^^^^^^^^^^^^^^^^^^^^^^^^^^^^^^^^^
  File "C:\Users\martin.dybal\AppData\Local\Python\pythoncore-3.14-64\Lib\socket.py", line 987, in getaddrinfo
    for res in _socket.getaddrinfo(host, port, family, type, proto, flags):
               ~~~~~~~~~~~~~~~~~~~^^^^^^^^^^^^^^^^^^^^^^^^^^^^^^^^^^^^^^^^
socket.gaierror: [Errno 11001] getaddrinfo failed

The above exception was the direct cause of the following exception:

Traceback (most recent call last):
  File "C:\Users\martin.dybal\AppData\Local\Python\pythoncore-3.14-64\Lib\site-packages\urllib3\connectionpool.py", line 788, in urlopen
    response = self._make_request(
        conn,
    ...<10 lines>...
        **response_kw,
    )
  File "C:\Users\martin.dybal\AppData\Local\Python\pythoncore-3.14-64\Lib\site-packages\urllib3\connectionpool.py", line 488, in _make_request
    raise new_e
  File "C:\Users\martin.dybal\AppData\Local\Python\pythoncore-3.14-64\Lib\site-packages\urllib3\connectionpool.py", line 464, in _make_request
    self._validate_conn(conn)
    ~~~~~~~~~~~~~~~~~~~^^^^^^
  File "C:\Users\martin.dybal\AppData\Local\Python\pythoncore-3.14-64\Lib\site-packages\urllib3\connectionpool.py", line 1106, in _validate_conn
    conn.connect()
    ~~~~~~~~~~~~^^
  File "C:\Users\martin.dybal\AppData\Local\Python\pythoncore-3.14-64\Lib\site-packages\urllib3\connection.py", line 759, in connect
    self.sock = sock = self._new_conn()
                       ~~~~~~~~~~~~~~^^
  File "C:\Users\martin.dybal\AppData\Local\Python\pythoncore-3.14-64\Lib\site-packages\urllib3\connection.py", line 211, in _new_conn
    raise NameResolutionError(self.host, self, e) from e
urllib3.exceptions.NameResolutionError: HTTPSConnection(host='tngsmart.cz', port=443): Failed to resolve 'tngsmart.cz' ([Errno 11001] getaddrinfo failed)

The above exception was the direct cause of the following exception:

Traceback (most recent call last):
  File "C:\Users\martin.dybal\AppData\Local\Python\pythoncore-3.14-64\Lib\site-packages\requests\adapters.py", line 696, in send
    resp = conn.urlopen(
        method=request.method,
    ...<9 lines>...
        chunked=chunked,
    )
  File "C:\Users\martin.dybal\AppData\Local\Python\pythoncore-3.14-64\Lib\site-packages\urllib3\connectionpool.py", line 842, in urlopen
    retries = retries.increment(
        method, url, error=new_e, _pool=self, _stacktrace=sys.exc_info()[2]
    )
  File "C:\Users\martin.dybal\AppData\Local\Python\pythoncore-3.14-64\Lib\site-packages\urllib3\util\retry.py", line 543, in increment
    raise MaxRetryError(_pool, url, reason) from reason  # type: ignore[arg-type]
    ^^^^^^^^^^^^^^^^^^^^^^^^^^^^^^^^^^^^^^^^^^^^^^^^^^^
urllib3.exceptions.MaxRetryError: HTTPSConnectionPool(host='tngsmart.cz', port=443): Max retries exceeded with url: /Pages/Account/MyThermostat?ThermostatId=1962 (Caused by NameResolutionError("HTTPSConnection(host='tngsmart.cz', port=443): Failed to resolve 'tngsmart.cz' ([Errno 11001] getaddrinfo failed)"))

During handling of the above exception, another exception occurred:

Traceback (most recent call last):
  File "C:\Users\martin.dybal\OneDrive\Dokumenty\tng tč\tng-controller\tng_controller.py", line 453, in main
    s=t.read_state()
  File "C:\Users\martin.dybal\OneDrive\Dokumenty\tng tč\tng-controller\tng_controller.py", line 131, in read_state
    r=self.s.get(self.url("thermostat_page"), headers=headers, timeout=self.cfg["runtime"]["request_timeout_seconds"])
  File "C:\Users\martin.dybal\AppData\Local\Python\pythoncore-3.14-64\Lib\site-packages\requests\sessions.py", line 671, in get
    return self.request("GET", url, params=params, **kwargs)
           ~~~~~~~~~~~~^^^^^^^^^^^^^^^^^^^^^^^^^^^^^^^^^^^^^
  File "C:\Users\martin.dybal\AppData\Local\Python\pythoncore-3.14-64\Lib\site-packages\requests\sessions.py", line 651, in request
    resp = self.send(prep, **send_kwargs)
  File "C:\Users\martin.dybal\AppData\Local\Python\pythoncore-3.14-64\Lib\site-packages\requests\sessions.py", line 784, in send
    r = adapter.send(request, **kwargs)
  File "C:\Users\martin.dybal\AppData\Local\Python\pythoncore-3.14-64\Lib\site-packages\requests\adapters.py", line 729, in send
    raise ConnectionError(e, request=request)
requests.exceptions.ConnectionError: HTTPSConnectionPool(host='tngsmart.cz', port=443): Max retries exceeded with url: /Pages/Account/MyThermostat?ThermostatId=1962 (Caused by NameResolutionError("HTTPSConnection(host='tngsmart.cz', port=443): Failed to resolve 'tngsmart.cz' ([Errno 11001] getaddrinfo failed)"))
2026-08-18 20:29:30,283 | ERROR | LOOP ERROR | HTTPSConnectionPool(host='tngsmart.cz', port=443): Max retries exceeded with url: /Pages/Account/MyThermostat?ThermostatId=1962 (Caused by NameResolutionError("HTTPSConnection(host='tngsmart.cz', port=443): Failed to resolve 'tngsmart.cz' ([Errno 11001] getaddrinfo failed)"))
Traceback (most recent call last):
  File "C:\Users\martin.dybal\AppData\Local\Python\pythoncore-3.14-64\Lib\site-packages\urllib3\connection.py", line 204, in _new_conn
    sock = connection.create_connection(
        (self._dns_host, self.port),
    ...<2 lines>...
        socket_options=self.socket_options,
    )
  File "C:\Users\martin.dybal\AppData\Local\Python\pythoncore-3.14-64\Lib\site-packages\urllib3\util\connection.py", line 60, in create_connection
    for res in socket.getaddrinfo(host, port, family, socket.SOCK_STREAM):
               ~~~~~~~~~~~~~~~~~~^^^^^^^^^^^^^^^^^^^^^^^^^^^^^^^^^^^^^^^^
  File "C:\Users\martin.dybal\AppData\Local\Python\pythoncore-3.14-64\Lib\socket.py", line 987, in getaddrinfo
    for res in _socket.getaddrinfo(host, port, family, type, proto, flags):
               ~~~~~~~~~~~~~~~~~~~^^^^^^^^^^^^^^^^^^^^^^^^^^^^^^^^^^^^^^^^
socket.gaierror: [Errno 11001] getaddrinfo failed

The above exception was the direct cause of the following exception:

Traceback (most recent call last):
  File "C:\Users\martin.dybal\AppData\Local\Python\pythoncore-3.14-64\Lib\site-packages\urllib3\connectionpool.py", line 788, in urlopen
    response = self._make_request(
        conn,
    ...<10 lines>...
        **response_kw,
    )
  File "C:\Users\martin.dybal\AppData\Local\Python\pythoncore-3.14-64\Lib\site-packages\urllib3\connectionpool.py", line 488, in _make_request
    raise new_e
  File "C:\Users\martin.dybal\AppData\Local\Python\pythoncore-3.14-64\Lib\site-packages\urllib3\connectionpool.py", line 464, in _make_request
    self._validate_conn(conn)
    ~~~~~~~~~~~~~~~~~~~^^^^^^
  File "C:\Users\martin.dybal\AppData\Local\Python\pythoncore-3.14-64\Lib\site-packages\urllib3\connectionpool.py", line 1106, in _validate_conn
    conn.connect()
    ~~~~~~~~~~~~^^
  File "C:\Users\martin.dybal\AppData\Local\Python\pythoncore-3.14-64\Lib\site-packages\urllib3\connection.py", line 759, in connect
    self.sock = sock = self._new_conn()
                       ~~~~~~~~~~~~~~^^
  File "C:\Users\martin.dybal\AppData\Local\Python\pythoncore-3.14-64\Lib\site-packages\urllib3\connection.py", line 211, in _new_conn
    raise NameResolutionError(self.host, self, e) from e
urllib3.exceptions.NameResolutionError: HTTPSConnection(host='tngsmart.cz', port=443): Failed to resolve 'tngsmart.cz' ([Errno 11001] getaddrinfo failed)

The above exception was the direct cause of the following exception:

Traceback (most recent call last):
  File "C:\Users\martin.dybal\AppData\Local\Python\pythoncore-3.14-64\Lib\site-packages\requests\adapters.py", line 696, in send
    resp = conn.urlopen(
        method=request.method,
    ...<9 lines>...
        chunked=chunked,
    )
  File "C:\Users\martin.dybal\AppData\Local\Python\pythoncore-3.14-64\Lib\site-packages\urllib3\connectionpool.py", line 842, in urlopen
    retries = retries.increment(
        method, url, error=new_e, _pool=self, _stacktrace=sys.exc_info()[2]
    )
  File "C:\Users\martin.dybal\AppData\Local\Python\pythoncore-3.14-64\Lib\site-packages\urllib3\util\retry.py", line 543, in increment
    raise MaxRetryError(_pool, url, reason) from reason  # type: ignore[arg-type]
    ^^^^^^^^^^^^^^^^^^^^^^^^^^^^^^^^^^^^^^^^^^^^^^^^^^^
urllib3.exceptions.MaxRetryError: HTTPSConnectionPool(host='tngsmart.cz', port=443): Max retries exceeded with url: /Pages/Account/MyThermostat?ThermostatId=1962 (Caused by NameResolutionError("HTTPSConnection(host='tngsmart.cz', port=443): Failed to resolve 'tngsmart.cz' ([Errno 11001] getaddrinfo failed)"))

During handling of the above exception, another exception occurred:

Traceback (most recent call last):
  File "C:\Users\martin.dybal\OneDrive\Dokumenty\tng tč\tng-controller\tng_controller.py", line 453, in main
    s=t.read_state()
  File "C:\Users\martin.dybal\OneDrive\Dokumenty\tng tč\tng-controller\tng_controller.py", line 131, in read_state
    r=self.s.get(self.url("thermostat_page"), headers=headers, timeout=self.cfg["runtime"]["request_timeout_seconds"])
  File "C:\Users\martin.dybal\AppData\Local\Python\pythoncore-3.14-64\Lib\site-packages\requests\sessions.py", line 671, in get
    return self.request("GET", url, params=params, **kwargs)
           ~~~~~~~~~~~~^^^^^^^^^^^^^^^^^^^^^^^^^^^^^^^^^^^^^
  File "C:\Users\martin.dybal\AppData\Local\Python\pythoncore-3.14-64\Lib\site-packages\requests\sessions.py", line 651, in request
    resp = self.send(prep, **send_kwargs)
  File "C:\Users\martin.dybal\AppData\Local\Python\pythoncore-3.14-64\Lib\site-packages\requests\sessions.py", line 784, in send
    r = adapter.send(request, **kwargs)
  File "C:\Users\martin.dybal\AppData\Local\Python\pythoncore-3.14-64\Lib\site-packages\requests\adapters.py", line 729, in send
    raise ConnectionError(e, request=request)
requests.exceptions.ConnectionError: HTTPSConnectionPool(host='tngsmart.cz', port=443): Max retries exceeded with url: /Pages/Account/MyThermostat?ThermostatId=1962 (Caused by NameResolutionError("HTTPSConnection(host='tngsmart.cz', port=443): Failed to resolve 'tngsmart.cz' ([Errno 11001] getaddrinfo failed)"))
2026-08-18 20:55:45,466 | ERROR | LOOP ERROR | HTTPSConnectionPool(host='tngsmart.cz', port=443): Max retries exceeded with url: /Pages/Account/MyThermostat?ThermostatId=1962 (Caused by NameResolutionError("HTTPSConnection(host='tngsmart.cz', port=443): Failed to resolve 'tngsmart.cz' ([Errno 11001] getaddrinfo failed)"))
Traceback (most recent call last):
  File "C:\Users\martin.dybal\AppData\Local\Python\pythoncore-3.14-64\Lib\site-packages\urllib3\connection.py", line 204, in _new_conn
    sock = connection.create_connection(
        (self._dns_host, self.port),
    ...<2 lines>...
        socket_options=self.socket_options,
    )
  File "C:\Users\martin.dybal\AppData\Local\Python\pythoncore-3.14-64\Lib\site-packages\urllib3\util\connection.py", line 60, in create_connection
    for res in socket.getaddrinfo(host, port, family, socket.SOCK_STREAM):
               ~~~~~~~~~~~~~~~~~~^^^^^^^^^^^^^^^^^^^^^^^^^^^^^^^^^^^^^^^^
  File "C:\Users\martin.dybal\AppData\Local\Python\pythoncore-3.14-64\Lib\socket.py", line 987, in getaddrinfo
    for res in _socket.getaddrinfo(host, port, family, type, proto, flags):
               ~~~~~~~~~~~~~~~~~~~^^^^^^^^^^^^^^^^^^^^^^^^^^^^^^^^^^^^^^^^
socket.gaierror: [Errno 11001] getaddrinfo failed

The above exception was the direct cause of the following exception:

Traceback (most recent call last):
  File "C:\Users\martin.dybal\AppData\Local\Python\pythoncore-3.14-64\Lib\site-packages\urllib3\connectionpool.py", line 788, in urlopen
    response = self._make_request(
        conn,
    ...<10 lines>...
        **response_kw,
    )
  File "C:\Users\martin.dybal\AppData\Local\Python\pythoncore-3.14-64\Lib\site-packages\urllib3\connectionpool.py", line 488, in _make_request
    raise new_e
  File "C:\Users\martin.dybal\AppData\Local\Python\pythoncore-3.14-64\Lib\site-packages\urllib3\connectionpool.py", line 464, in _make_request
    self._validate_conn(conn)
    ~~~~~~~~~~~~~~~~~~~^^^^^^
  File "C:\Users\martin.dybal\AppData\Local\Python\pythoncore-3.14-64\Lib\site-packages\urllib3\connectionpool.py", line 1106, in _validate_conn
    conn.connect()
    ~~~~~~~~~~~~^^
  File "C:\Users\martin.dybal\AppData\Local\Python\pythoncore-3.14-64\Lib\site-packages\urllib3\connection.py", line 759, in connect
    self.sock = sock = self._new_conn()
                       ~~~~~~~~~~~~~~^^
  File "C:\Users\martin.dybal\AppData\Local\Python\pythoncore-3.14-64\Lib\site-packages\urllib3\connection.py", line 211, in _new_conn
    raise NameResolutionError(self.host, self, e) from e
urllib3.exceptions.NameResolutionError: HTTPSConnection(host='tngsmart.cz', port=443): Failed to resolve 'tngsmart.cz' ([Errno 11001] getaddrinfo failed)

The above exception was the direct cause of the following exception:

Traceback (most recent call last):
  File "C:\Users\martin.dybal\AppData\Local\Python\pythoncore-3.14-64\Lib\site-packages\requests\adapters.py", line 696, in send
    resp = conn.urlopen(
        method=request.method,
    ...<9 lines>...
        chunked=chunked,
    )
  File "C:\Users\martin.dybal\AppData\Local\Python\pythoncore-3.14-64\Lib\site-packages\urllib3\connectionpool.py", line 842, in urlopen
    retries = retries.increment(
        method, url, error=new_e, _pool=self, _stacktrace=sys.exc_info()[2]
    )
  File "C:\Users\martin.dybal\AppData\Local\Python\pythoncore-3.14-64\Lib\site-packages\urllib3\util\retry.py", line 543, in increment
    raise MaxRetryError(_pool, url, reason) from reason  # type: ignore[arg-type]
    ^^^^^^^^^^^^^^^^^^^^^^^^^^^^^^^^^^^^^^^^^^^^^^^^^^^
urllib3.exceptions.MaxRetryError: HTTPSConnectionPool(host='tngsmart.cz', port=443): Max retries exceeded with url: /Pages/Account/MyThermostat?ThermostatId=1962 (Caused by NameResolutionError("HTTPSConnection(host='tngsmart.cz', port=443): Failed to resolve 'tngsmart.cz' ([Errno 11001] getaddrinfo failed)"))

During handling of the above exception, another exception occurred:

Traceback (most recent call last):
  File "C:\Users\martin.dybal\OneDrive\Dokumenty\tng tč\tng-controller\tng_controller.py", line 453, in main
    s=t.read_state()
  File "C:\Users\martin.dybal\OneDrive\Dokumenty\tng tč\tng-controller\tng_controller.py", line 131, in read_state
    r=self.s.get(self.url("thermostat_page"), headers=headers, timeout=self.cfg["runtime"]["request_timeout_seconds"])
  File "C:\Users\martin.dybal\AppData\Local\Python\pythoncore-3.14-64\Lib\site-packages\requests\sessions.py", line 671, in get
    return self.request("GET", url, params=params, **kwargs)
           ~~~~~~~~~~~~^^^^^^^^^^^^^^^^^^^^^^^^^^^^^^^^^^^^^
  File "C:\Users\martin.dybal\AppData\Local\Python\pythoncore-3.14-64\Lib\site-packages\requests\sessions.py", line 651, in request
    resp = self.send(prep, **send_kwargs)
  File "C:\Users\martin.dybal\AppData\Local\Python\pythoncore-3.14-64\Lib\site-packages\requests\sessions.py", line 784, in send
    r = adapter.send(request, **kwargs)
  File "C:\Users\martin.dybal\AppData\Local\Python\pythoncore-3.14-64\Lib\site-packages\requests\adapters.py", line 729, in send
    raise ConnectionError(e, request=request)
requests.exceptions.ConnectionError: HTTPSConnectionPool(host='tngsmart.cz', port=443): Max retries exceeded with url: /Pages/Account/MyThermostat?ThermostatId=1962 (Caused by NameResolutionError("HTTPSConnection(host='tngsmart.cz', port=443): Failed to resolve 'tngsmart.cz' ([Errno 11001] getaddrinfo failed)"))
